Microchip MPLAB XC8 Compiler V1.44 ()

Linker command line:

-W-3 --edf=C:\Program Files (x86)\Microchip\xc8\v1.44\dat\en_msgs.txt -cs \
  -h+dist/default/production\placa.X.production.sym \
  --cmf=dist/default/production\placa.X.production.cmf -z -Q18F45K22 \
  -oC:\Users\USER\AppData\Local\Temp\sgm0.2 \
  -Mdist/default/production/placa.X.production.map -E1 -ver=XC8 \
  -ASTACK=0115h-05ffh -pstack=STACK -ACODE=00h-07FFFh -ACONST=00h-07FFFh \
  -ASMALLCONST=0600h-06FFhx122 -AMEDIUMCONST=0600h-07FFFh -ACOMRAM=01h-05Fh \
  -AABS1=00h-05FFh -ABIGRAM=01h-05FFh -ARAM=060h-0FFh,0100h-01FFhx5 \
  -ABANK0=060h-0FFh -ABANK1=0100h-01FFh -ABANK2=0200h-02FFh \
  -ABANK3=0300h-03FFh -ABANK4=0400h-04FFh -ABANK5=0500h-05FFh \
  -ASFR=0F38h-0F5Fh,0F60h-0FFFh \
  -preset_vec=00h,intcode=08h,intcodelo,powerup,init -pramtop=0600h \
  -psmallconst=SMALLCONST -pmediumconst=MEDIUMCONST -pconst=CONST \
  -AFARRAM=00h-00h -ACONFIG=0300000h-030000Dh -pconfig=CONFIG \
  -AIDLOC=0200000h-0200007h -pidloc=IDLOC -AEEDATA=0F00000h-0F000FFh \
  -peeprom_data=EEDATA \
  -prdata=COMRAM,nvrram=COMRAM,nvbit=COMRAM,rbss=COMRAM,rbit=COMRAM \
  -pfarbss=FARRAM,fardata=FARRAM,nvFARRAM=FARRAM \
  -pintsave_regs=BIGRAM,bigbss=BIGRAM,bigdata=BIGRAM -pbss=RAM \
  -pidata=CODE,irdata=CODE,ibigdata=CODE,ifardata=CODE -prparam=COMRAM \
  C:\Users\USER\AppData\Local\Temp\sgm0.obj \
  dist/default/production\placa.X.production.obj 

Object code version is 3.11

Machine type is 18F45K22

Call graph: (short form)




                Name                               Link     Load   Length Selector   Space Scale
C:\Users\USER\AppData\Local\Temp\sgm0.obj
                init                                106      106        4        4       0
                reset_vec                             0        0        4        0       0
                idloc                            200000   200000        8   200000       0
                config                           300000   300000        E   300000       0
dist/default/production\placa.X.production.obj
                intcode                               8        8       FE        4       0
                temp                                 4D       4D        1        1       1
                text58                             1472     1472       24        4       0
                text57                             160E     160E        6        4       0
                text56                             1626     1626        2        4       0
                text55                             1608     1608        6        4       0
                text54                              EE6      EE6       AA        4       0
                text53                             13D0     13D0       2E        4       0
                text52                             1624     1624        2        4       0
                text51                             14D6     14D6       20        4       0
                text50                             15FA     15FA        8        4       0
                text49                             1622     1622        2        4       0
                text48                             14B6     14B6       20        4       0
                text47                             1582     1582       12        4       0
                text46                             1620     1620        2        4       0
                text45                             1496     1496       20        4       0
                text44                             15F2     15F2        8        4       0
                text43                             161C     161C        4        4       0
                text41                             1510     1510       16        4       0
                text40                             15E8     15E8        A        4       0
                text39                             15DE     15DE        A        4       0
                text38                             15D4     15D4        A        4       0
                text37                             15CA     15CA        A        4       0
                text36                             15C0     15C0        A        4       0
                text35                             112A     112A       74        4       0
                text34                             15B6     15B6        A        4       0
                text33                             15AC     15AC        A        4       0
                text32                             15A2     15A2        A        4       0
                text31                             1334     1334       38        4       0
                text30                             1618     1618        4        4       0
                text29                             1570     1570       12        4       0
                text28                             1282     1282       42        4       0
                text27                             155E     155E       12        4       0
                text26                             1526     1526       14        4       0
                text25                             1594     1594        E        4       0
                text24                             154C     154C       12        4       0
                text23                             13FE     13FE       2A        4       0
                text22                             153A     153A       12        4       0
                text21                              C5C      C5C       F4        4       0
                text20                              E38      E38       AE        4       0
                text19                             12FC     12FC       38        4       0
                text18                              9BC      9BC      1AC        4       0
                text17                              D50      D50       E8        4       0
                text16                              F90      F90       90        4       0
                text15                              B68      B68       F4        4       0
                text14                             144E     144E       24        4       0
                text13                             12C4     12C4       38        4       0
                text12                             10A6     10A6       84        4       0
                text11                             1428     1428       26        4       0
                text10                              616      616      1D4        4       0
                text9                               10A      10A      2FC        4       0
                text8                               406      406      210        4       0
                text7                              1614     1614        4        4       0
                text6                              1020     1020       86        4       0
                text5                              139E     139E       32        4       0
                text4                              11EC     11EC       4E        4       0
                text3                              136C     136C       32        4       0
                text2                              119E     119E       4E        4       0
                text1                              14F6     14F6       1A        4       0
                text0                               7EA      7EA      1D2        4       0
                cstackCOMRAM                          1        1       37        1       1
                cstackBANK0                          BE       BE       35       60       1
                cstackBANK1                         100      100       15      100       1
                dataBANK0                            F3       F3        6       60       1
                bssBANK0                             60       60       5E       60       1
                bssCOMRAM                            38       38       14        1       1
                bitbssCOMRAM                        260       4C        1        1       1     8
                cinit                              123A     123A       48        4       0
                idataBANK0                         1602     1602        6        4       0

TOTAL           Name                               Link     Load   Length     Space
        CLASS   STACK          

        CLASS   CODE           
                intcode                               8        8       FE         0
                init                                106      106        4         0
                reset_vec                             0        0        4         0
                text58                             1472     1472       24         0
                text57                             160E     160E        6         0
                text56                             1626     1626        2         0
                text55                             1608     1608        6         0
                text54                              EE6      EE6       AA         0
                text53                             13D0     13D0       2E         0
                text52                             1624     1624        2         0
                text51                             14D6     14D6       20         0
                text50                             15FA     15FA        8         0
                text49                             1622     1622        2         0
                text48                             14B6     14B6       20         0
                text47                             1582     1582       12         0
                text46                             1620     1620        2         0
                text45                             1496     1496       20         0
                text44                             15F2     15F2        8         0
                text43                             161C     161C        4         0
                text41                             1510     1510       16         0
                text40                             15E8     15E8        A         0
                text39                             15DE     15DE        A         0
                text38                             15D4     15D4        A         0
                text37                             15CA     15CA        A         0
                text36                             15C0     15C0        A         0
                text35                             112A     112A       74         0
                text34                             15B6     15B6        A         0
                text33                             15AC     15AC        A         0
                text32                             15A2     15A2        A         0
                text31                             1334     1334       38         0
                text30                             1618     1618        4         0
                text29                             1570     1570       12         0
                text28                             1282     1282       42         0
                text27                             155E     155E       12         0
                text26                             1526     1526       14         0
                text25                             1594     1594        E         0
                text24                             154C     154C       12         0
                text23                             13FE     13FE       2A         0
                text22                             153A     153A       12         0
                text21                              C5C      C5C       F4         0
                text20                              E38      E38       AE         0
                text19                             12FC     12FC       38         0
                text18                              9BC      9BC      1AC         0
                text17                              D50      D50       E8         0
                text16                              F90      F90       90         0
                text15                              B68      B68       F4         0
                text14                             144E     144E       24         0
                text13                             12C4     12C4       38         0
                text12                             10A6     10A6       84         0
                text11                             1428     1428       26         0
                text10                              616      616      1D4         0
                text9                               10A      10A      2FC         0
                text8                               406      406      210         0
                text7                              1614     1614        4         0
                text6                              1020     1020       86         0
                text5                              139E     139E       32         0
                text4                              11EC     11EC       4E         0
                text3                              136C     136C       32         0
                text2                              119E     119E       4E         0
                text1                              14F6     14F6       1A         0
                text0                               7EA      7EA      1D2         0
                cinit                              123A     123A       48         0
                idataBANK0                         1602     1602        6         0

        CLASS   CONST          

        CLASS   SMALLCONST     

        CLASS   MEDIUMCONST    

        CLASS   COMRAM         
                temp                                 4D       4D        1         1
                cstackCOMRAM                          1        1       37         1
                bssCOMRAM                            38       38       14         1
                bitbssCOMRAM                        260       4C        1         1

        CLASS   ABS1           

        CLASS   BIGRAM         

        CLASS   RAM            

        CLASS   BANK0          
                cstackBANK0                          BE       BE       35         1
                dataBANK0                            F3       F3        6         1
                bssBANK0                             60       60       5E         1

        CLASS   BANK1          
                cstackBANK1                         100      100       15         1

        CLASS   BANK2          

        CLASS   BANK3          

        CLASS   BANK4          

        CLASS   BANK5          

        CLASS   SFR            

        CLASS   FARRAM         

        CLASS   CONFIG         
                config                           300000   300000        E         0

        CLASS   IDLOC          
                idloc                            200000   200000        8         0

        CLASS   EEDATA         



SEGMENTS        Name                           Load    Length   Top    Selector   Space  Class

                reset_vec                      000000  000004  000004         0       0  CODE    
                cstackCOMRAM                   000001  00004D  00004E         1       1  COMRAM  
                intcode                        000008  001620  001628         4       0  CODE    
                bssBANK0                       000060  000099  0000F9        60       1  BANK0   
                cstackBANK1                    000100  000015  000115       100       1  BANK1   
                idloc                          200000  000008  200008    200000       0  IDLOC   
                config                         300000  00000E  30000E    300000       0  CONFIG  


UNUSED ADDRESS RANGES

        Name                Unused          Largest block    Delta
        BANK0            0000F9-0000FF                7
        BANK1            000115-0001FF               EB
        BANK2            000200-0002FF              100
        BANK3            000300-0003FF              100
        BANK4            000400-0004FF              100
        BANK5            000500-0005FF              100
        BIGRAM           00004E-00005F               12
                         0000F9-0000FF                7
                         000115-0005FF              4EB
        CODE             000004-000007                4
                         001628-007FFF             69D8
        COMRAM           00004E-00005F               12
        CONST            000004-000007                4
                         001628-007FFF             69D8
        EEDATA           F00000-F000FF              100
        MEDIUMCONST      001628-007FFF             69D8
        RAM              0000F9-0000FF                7
                         000115-0005FF              100
        SFR              000F38-000FFF               28
        SMALLCONST       001628-007FFF              100
        STACK            000115-0005FF              4EB

                                  Symbol Table

?_ADC_GetConversion                             cstackCOMRAM 000013
?___awdiv                                       cstackCOMRAM 000013
?___awtoft                                      cstackCOMRAM 000021
?___ftadd                                       cstackCOMRAM 00001B
?___ftdiv                                       cstackBANK0  0000BE
?___ftmul                                       cstackCOMRAM 000027
?___ftneg                                       cstackCOMRAM 000013
?___ftpack                                      cstackCOMRAM 000013
?___fttol                                       cstackCOMRAM 000013
?___wmul                                        cstackCOMRAM 00001B
?_calculo_PID                                   cstackBANK0  0000CF
ADC_GetConversion@channel                       cstackCOMRAM 000017
EUSART1_SetErrorHandler@interruptHandler        cstackCOMRAM 000013
EUSART1_SetFramingErrorHandler@interruptHandler cstackCOMRAM 000013
EUSART1_SetOverrunErrorHandler@interruptHandler cstackCOMRAM 000013
EUSART1_SetRxInterruptHandler@interruptHandler  cstackCOMRAM 000013
EUSART1_SetTxInterruptHandler@interruptHandler  cstackCOMRAM 000013
INT0_SetInterruptHandler@InterruptHandler       cstackCOMRAM 000013
INT1_SetInterruptHandler@InterruptHandler       cstackCOMRAM 000013
INT2_SetInterruptHandler@InterruptHandler       cstackCOMRAM 000013
PWM4_LoadDutyValue@dutyValue                    cstackCOMRAM 000013
PWM5_LoadDutyValue@dutyValue                    cstackCOMRAM 000013
TMR4_HasOverflowOccured@status                  cstackCOMRAM 000013
_ADCON0                                         (abs)        000FC2
_ADCON0bits                                     (abs)        000FC2
_ADCON1                                         (abs)        000FC1
_ADCON2                                         (abs)        000FC0
_ADC_GetConversion                              text13       0012C4
_ADC_Initialize                                 text41       001510
_ADRESH                                         (abs)        000FC4
_ADRESL                                         (abs)        000FC3
_ANSELA                                         (abs)        000F38
_ANSELB                                         (abs)        000F39
_ANSELC                                         (abs)        000F3A
_ANSELD                                         (abs)        000F3B
_ANSELE                                         (abs)        000F3C
_BAUDCON1                                       (abs)        000FB8
_CCP4CON                                        (abs)        000F57
_CCP5CON                                        (abs)        000F54
_CCPR4H                                         (abs)        000F59
_CCPR4L                                         (abs)        000F58
_CCPR5H                                         (abs)        000F56
_CCPR5L                                         (abs)        000F55
_CCPTMRS1bits                                   (abs)        000F48
_EUSART1_DefaultErrorHandler                    text57       00160E
_EUSART1_DefaultFramingErrorHandler             text56       001626
_EUSART1_DefaultOverrunErrorHandler             text55       001608
_EUSART1_ErrorHandler                           bssBANK0     0000A8
_EUSART1_FramingErrorHandler                    bssBANK0     0000AC
_EUSART1_Initialize                             text35       00112A
_EUSART1_OverrunErrorHandler                    bssBANK0     0000AA
_EUSART1_Receive_ISR                            text54       000EE6
_EUSART1_RxDataHandler                          text58       001472
_EUSART1_RxDefaultInterruptHandler              bssCOMRAM    000041
_EUSART1_SetErrorHandler                        text40       0015E8
_EUSART1_SetFramingErrorHandler                 text39       0015DE
_EUSART1_SetOverrunErrorHandler                 text38       0015D4
_EUSART1_SetRxInterruptHandler                  text37       0015CA
_EUSART1_SetTxInterruptHandler                  text36       0015C0
_EUSART1_Transmit_ISR                           text53       0013D0
_EUSART1_TxDefaultInterruptHandler              bssCOMRAM    000043
_EXT_INT_Initialize                             text31       001334
_INT0_CallBack                                  text51       0014D6
_INT0_DefaultInterruptHandler                   text52       001624
_INT0_ISR                                       text50       0015FA
_INT0_InterruptHandler                          bssCOMRAM    00003F
_INT0_SetInterruptHandler                       text34       0015B6
_INT1_CallBack                                  text48       0014B6
_INT1_DefaultInterruptHandler                   text49       001622
_INT1_ISR                                       text47       001582
_INT1_InterruptHandler                          bssCOMRAM    00003D
_INT1_SetInterruptHandler                       text33       0015AC
_INT2_CallBack                                  text45       001496
_INT2_DefaultInterruptHandler                   text46       001620
_INT2_ISR                                       text44       0015F2
_INT2_InterruptHandler                          bssCOMRAM    00003B
_INT2_SetInterruptHandler                       text32       0015A2
_INTCON2bits                                    (abs)        000FF1
_INTCON3bits                                    (abs)        000FF0
_INTCONbits                                     (abs)        000FF2
_INTERRUPT_Initialize                           text30       001618
_INTERRUPT_InterruptManager                     intcode      000008
_KD                                             dataBANK0    0000F3
_KP                                             dataBANK0    0000F6
_LATA                                           (abs)        000F89
_LATB                                           (abs)        000F8A
_LATC                                           (abs)        000F8B
_LATC1                                          (abs)        007C59
_LATC2                                          (abs)        007C5A
_LATC3                                          (abs)        007C5B
_LATC7                                          (abs)        007C5F
_LATD                                           (abs)        000F8C
_LATD0                                          (abs)        007C60
_LATD2                                          (abs)        007C62
_LATE                                           (abs)        000F8D
_OSCCON                                         (abs)        000FD3
_OSCCON2                                        (abs)        000FD2
_OSCILLATOR_Initialize                          text29       001570
_OSCTUNE                                        (abs)        000F9B
_PIE1bits                                       (abs)        000F9D
_PIN_MANAGER_IOC                                text43       00161C
_PIN_MANAGER_Initialize                         text28       001282
_PIR1bits                                       (abs)        000F9E
_PIR5bits                                       (abs)        000F7E
_PLLRDY                                         (abs)        007E97
_PORTBbits                                      (abs)        000F81
_PR2                                            (abs)        000FBB
_PR4                                            (abs)        000F52
_PWM4_Initialize                                text27       00155E
_PWM4_LoadDutyValue                             text3        00136C
_PWM5_Initialize                                text26       001526
_PWM5_LoadDutyValue                             text5        00139E
_RCONbits                                       (abs)        000FD0
_RCREG1                                         (abs)        000FAE
_RCSTA1                                         (abs)        000FAB
_RCSTA1bits                                     (abs)        000FAB
_SPBRG1                                         (abs)        000FAF
_SPBRGH1                                        (abs)        000FB0
_SYSTEM_Initialize                              text23       0013FE
_T2CON                                          (abs)        000FBA
_T2CONbits                                      (abs)        000FBA
_T4CON                                          (abs)        000F51
_T4CONbits                                      (abs)        000F51
_TMR2                                           (abs)        000FBC
_TMR2_Initialize                                text25       001594
_TMR4                                           (abs)        000F53
_TMR4_HasOverflowOccured                        text22       00153A
_TMR4_Initialize                                text24       00154C
_TRISA                                          (abs)        000F92
_TRISB                                          (abs)        000F93
_TRISC                                          (abs)        000F94
_TRISD                                          (abs)        000F95
_TRISE                                          (abs)        000F96
_TXREG1                                         (abs)        000FAD
_TXSTA1                                         (abs)        000FAC
_TXSTA1bits                                     (abs)        000FAC
_WPUB                                           (abs)        000F61
__CFG_BOREN$SBORDIS                             (abs)        000000
__CFG_BORV$190                                  (abs)        000000
__CFG_CCP2MX$PORTC1                             (abs)        000000
__CFG_CCP3MX$PORTB5                             (abs)        000000
__CFG_CP0$OFF                                   (abs)        000000
__CFG_CP1$OFF                                   (abs)        000000
__CFG_CP2$OFF                                   (abs)        000000
__CFG_CP3$OFF                                   (abs)        000000
__CFG_CPB$OFF                                   (abs)        000000
__CFG_CPD$OFF                                   (abs)        000000
__CFG_DEBUG$OFF                                 (abs)        000000
__CFG_EBTR0$OFF                                 (abs)        000000
__CFG_EBTR1$OFF                                 (abs)        000000
__CFG_EBTR2$OFF                                 (abs)        000000
__CFG_EBTR3$OFF                                 (abs)        000000
__CFG_EBTRB$OFF                                 (abs)        000000
__CFG_FCMEN$OFF                                 (abs)        000000
__CFG_FOSC$INTIO67                              (abs)        000000
__CFG_HFOFST$ON                                 (abs)        000000
__CFG_IESO$OFF                                  (abs)        000000
__CFG_LVP$ON                                    (abs)        000000
__CFG_MCLRE$EXTMCLR                             (abs)        000000
__CFG_P2BMX$PORTD2                              (abs)        000000
__CFG_PBADEN$ON                                 (abs)        000000
__CFG_PLLCFG$ON                                 (abs)        000000
__CFG_PRICLKEN$ON                               (abs)        000000
__CFG_PWRTEN$OFF                                (abs)        000000
__CFG_STVREN$ON                                 (abs)        000000
__CFG_T3CMX$PORTC0                              (abs)        000000
__CFG_WDTEN$OFF                                 (abs)        000000
__CFG_WDTPS$32768                               (abs)        000000
__CFG_WRT0$OFF                                  (abs)        000000
__CFG_WRT1$OFF                                  (abs)        000000
__CFG_WRT2$OFF                                  (abs)        000000
__CFG_WRT3$OFF                                  (abs)        000000
__CFG_WRTB$OFF                                  (abs)        000000
__CFG_WRTC$OFF                                  (abs)        000000
__CFG_WRTD$OFF                                  (abs)        000000
__CFG_XINST$OFF                                 (abs)        000000
__HRAM                                          (abs)        000000
__Habs1                                         abs1         000000
__Hbank0                                        bank0        000000
__Hbank1                                        bank1        000000
__Hbank2                                        bank2        000000
__Hbank3                                        bank3        000000
__Hbank4                                        bank4        000000
__Hbank5                                        bank5        000000
__Hbigbss                                       bigbss       000000
__Hbigdata                                      bigdata      000000
__Hbigram                                       bigram       000000
__HbitbssCOMRAM                                 bitbssCOMRAM 000000
__Hbss                                          bss          000000
__HbssBANK0                                     bssBANK0     000000
__HbssCOMRAM                                    bssCOMRAM    000000
__Hcinit                                        cinit        000000
__Hclrtext                                      clrtext      000000
__Hcomram                                       comram       000000
__Hconfig                                       config       30000E
__Hconst                                        const        000000
__HcstackBANK0                                  cstackBANK0  000000
__HcstackBANK1                                  cstackBANK1  000000
__HcstackCOMRAM                                 cstackCOMRAM 000000
__Hdata                                         data         000000
__HdataBANK0                                    dataBANK0    000000
__Heeprom_data                                  eeprom_data  000000
__Hfarbss                                       farbss       000000
__Hfardata                                      fardata      000000
__Hibigdata                                     ibigdata     000000
__Hidata                                        idata        000000
__HidataBANK0                                   idataBANK0   000000
__Hidloc                                        idloc        200008
__Hifardata                                     ifardata     000000
__Hinit                                         init         00010A
__Hintcode                                      intcode      000106
__Hintcode_body                                 intcode_body 000000
__Hintcodelo                                    intcodelo    000106
__Hintentry                                     intentry     000000
__Hintret                                       intret       000000
__Hintsave_regs                                 intsave_regs 000000
__Hirdata                                       irdata       000000
__Hmediumconst                                  mediumconst  000000
__HnvFARRAM                                     nvFARRAM     000000
__Hnvbit                                        nvbit        000000
__Hnvrram                                       nvrram       000000
__Hparam                                        rparam       000000
__Hpowerup                                      powerup      000106
__Hram                                          ram          000000
__Hramtop                                       ramtop       000600
__Hrbit                                         rbit         000000
__Hrbss                                         rbss         000000
__Hrdata                                        rdata        000000
__Hreset_vec                                    reset_vec    000004
__Hrparam                                       rparam       000000
__Hsfr                                          sfr          000000
__Hsmallconst                                   smallconst   000000
__Hspace_0                                      (abs)        30000E
__Hspace_1                                      (abs)        000261
__Hspace_2                                      (abs)        000000
__Hstack                                        stack        000000
__Hstruct                                       struct       000000
__Htemp                                         temp         00004E
__Htext                                         text         000000
__Htext0                                        text0        000000
__Htext1                                        text1        000000
__Htext10                                       text10       000000
__Htext11                                       text11       000000
__Htext12                                       text12       000000
__Htext13                                       text13       000000
__Htext14                                       text14       000000
__Htext15                                       text15       000000
__Htext16                                       text16       000000
__Htext17                                       text17       000000
__Htext18                                       text18       000000
__Htext19                                       text19       000000
__Htext2                                        text2        000000
__Htext20                                       text20       000000
__Htext21                                       text21       000000
__Htext22                                       text22       000000
__Htext23                                       text23       000000
__Htext24                                       text24       000000
__Htext25                                       text25       000000
__Htext26                                       text26       000000
__Htext27                                       text27       000000
__Htext28                                       text28       000000
__Htext29                                       text29       000000
__Htext3                                        text3        000000
__Htext30                                       text30       000000
__Htext31                                       text31       000000
__Htext32                                       text32       000000
__Htext33                                       text33       000000
__Htext34                                       text34       000000
__Htext35                                       text35       000000
__Htext36                                       text36       000000
__Htext37                                       text37       000000
__Htext38                                       text38       000000
__Htext39                                       text39       000000
__Htext4                                        text4        000000
__Htext40                                       text40       000000
__Htext41                                       text41       000000
__Htext43                                       text43       000000
__Htext44                                       text44       000000
__Htext45                                       text45       000000
__Htext46                                       text46       000000
__Htext47                                       text47       000000
__Htext48                                       text48       000000
__Htext49                                       text49       000000
__Htext5                                        text5        000000
__Htext50                                       text50       000000
__Htext51                                       text51       000000
__Htext52                                       text52       000000
__Htext53                                       text53       000000
__Htext54                                       text54       000000
__Htext55                                       text55       000000
__Htext56                                       text56       000000
__Htext57                                       text57       000000
__Htext58                                       text58       000000
__Htext59                                       text59       000000
__Htext6                                        text6        000000
__Htext7                                        text7        000000
__Htext8                                        text8        000000
__Htext9                                        text9        000000
__LRAM                                          (abs)        000001
__Labs1                                         abs1         000000
__Lbank0                                        bank0        000000
__Lbank1                                        bank1        000000
__Lbank2                                        bank2        000000
__Lbank3                                        bank3        000000
__Lbank4                                        bank4        000000
__Lbank5                                        bank5        000000
__Lbigbss                                       bigbss       000000
__Lbigdata                                      bigdata      000000
__Lbigram                                       bigram       000000
__LbitbssCOMRAM                                 bitbssCOMRAM 000000
__Lbss                                          bss          000000
__LbssBANK0                                     bssBANK0     000000
__LbssCOMRAM                                    bssCOMRAM    000000
__Lcinit                                        cinit        000000
__Lclrtext                                      clrtext      000000
__Lcomram                                       comram       000000
__Lconfig                                       config       300000
__Lconst                                        const        000000
__LcstackBANK0                                  cstackBANK0  000000
__LcstackBANK1                                  cstackBANK1  000000
__LcstackCOMRAM                                 cstackCOMRAM 000000
__Ldata                                         data         000000
__LdataBANK0                                    dataBANK0    000000
__Leeprom_data                                  eeprom_data  000000
__Lfarbss                                       farbss       000000
__Lfardata                                      fardata      000000
__Libigdata                                     ibigdata     000000
__Lidata                                        idata        000000
__LidataBANK0                                   idataBANK0   000000
__Lidloc                                        idloc        200000
__Lifardata                                     ifardata     000000
__Linit                                         init         000106
__Lintcode                                      intcode      000008
__Lintcode_body                                 intcode_body 000000
__Lintcodelo                                    intcodelo    000106
__Lintentry                                     intentry     000000
__Lintret                                       intret       000000
__Lintsave_regs                                 intsave_regs 000000
__Lirdata                                       irdata       000000
__Lmediumconst                                  mediumconst  000000
__LnvFARRAM                                     nvFARRAM     000000
__Lnvbit                                        nvbit        000000
__Lnvrram                                       nvrram       000000
__Lparam                                        rparam       000000
__Lpowerup                                      powerup      000106
__Lram                                          ram          000000
__Lramtop                                       ramtop       000600
__Lrbit                                         rbit         000000
__Lrbss                                         rbss         000000
__Lrdata                                        rdata        000000
__Lreset_vec                                    reset_vec    000000
__Lrparam                                       rparam       000000
__Lsfr                                          sfr          000000
__Lsmallconst                                   smallconst   000000
__Lspace_0                                      (abs)        000000
__Lspace_1                                      (abs)        000000
__Lspace_2                                      (abs)        000000
__Lstack                                        stack        000000
__Lstruct                                       struct       000000
__Ltemp                                         temp         00004D
__Ltext                                         text         000000
__Ltext0                                        text0        000000
__Ltext1                                        text1        000000
__Ltext10                                       text10       000000
__Ltext11                                       text11       000000
__Ltext12                                       text12       000000
__Ltext13                                       text13       000000
__Ltext14                                       text14       000000
__Ltext15                                       text15       000000
__Ltext16                                       text16       000000
__Ltext17                                       text17       000000
__Ltext18                                       text18       000000
__Ltext19                                       text19       000000
__Ltext2                                        text2        000000
__Ltext20                                       text20       000000
__Ltext21                                       text21       000000
__Ltext22                                       text22       000000
__Ltext23                                       text23       000000
__Ltext24                                       text24       000000
__Ltext25                                       text25       000000
__Ltext26                                       text26       000000
__Ltext27                                       text27       000000
__Ltext28                                       text28       000000
__Ltext29                                       text29       000000
__Ltext3                                        text3        000000
__Ltext30                                       text30       000000
__Ltext31                                       text31       000000
__Ltext32                                       text32       000000
__Ltext33                                       text33       000000
__Ltext34                                       text34       000000
__Ltext35                                       text35       000000
__Ltext36                                       text36       000000
__Ltext37                                       text37       000000
__Ltext38                                       text38       000000
__Ltext39                                       text39       000000
__Ltext4                                        text4        000000
__Ltext40                                       text40       000000
__Ltext41                                       text41       000000
__Ltext43                                       text43       000000
__Ltext44                                       text44       000000
__Ltext45                                       text45       000000
__Ltext46                                       text46       000000
__Ltext47                                       text47       000000
__Ltext48                                       text48       000000
__Ltext49                                       text49       000000
__Ltext5                                        text5        000000
__Ltext50                                       text50       000000
__Ltext51                                       text51       000000
__Ltext52                                       text52       000000
__Ltext53                                       text53       000000
__Ltext54                                       text54       000000
__Ltext55                                       text55       000000
__Ltext56                                       text56       000000
__Ltext57                                       text57       000000
__Ltext58                                       text58       000000
__Ltext59                                       text59       000000
__Ltext6                                        text6        000000
__Ltext7                                        text7        000000
__Ltext8                                        text8        000000
__Ltext9                                        text9        000000
__S0                                            (abs)        30000E
__S1                                            (abs)        000115
__S2                                            (abs)        000000
___awdiv                                        text12       0010A6
___awdiv@counter                                cstackCOMRAM 000017
___awdiv@dividend                               cstackCOMRAM 000013
___awdiv@divisor                                cstackCOMRAM 000015
___awdiv@quotient                               cstackCOMRAM 000019
___awdiv@sign                                   cstackCOMRAM 000018
___awtoft                                       text19       0012FC
___awtoft@c                                     cstackCOMRAM 000021
___awtoft@sign                                  cstackCOMRAM 000024
___ftadd                                        text18       0009BC
___ftadd@exp1                                   cstackCOMRAM 000026
___ftadd@exp2                                   cstackCOMRAM 000025
___ftadd@f1                                     cstackCOMRAM 00001B
___ftadd@f2                                     cstackCOMRAM 00001E
___ftadd@sign                                   cstackCOMRAM 000024
___ftdiv                                        text17       000D50
___ftdiv@cntr                                   cstackBANK0  0000C7
___ftdiv@exp                                    cstackBANK0  0000CB
___ftdiv@f1                                     cstackBANK0  0000BE
___ftdiv@f2                                     cstackBANK0  0000C1
___ftdiv@f3                                     cstackBANK0  0000C8
___ftdiv@sign                                   cstackBANK0  0000CC
___ftge                                         text16       000F90
___ftge@ff1                                     cstackCOMRAM 000013
___ftge@ff2                                     cstackCOMRAM 000016
___ftmul                                        text15       000B68
___ftmul@cntr                                   cstackCOMRAM 000034
___ftmul@exp                                    cstackCOMRAM 000030
___ftmul@f1                                     cstackCOMRAM 000027
___ftmul@f2                                     cstackCOMRAM 00002A
___ftmul@f3_as_product                          cstackCOMRAM 000031
___ftmul@sign                                   cstackCOMRAM 000035
___ftneg                                        text14       00144E
___ftneg@f1                                     cstackCOMRAM 000013
___ftpack                                       text20       000E38
___ftpack@arg                                   cstackCOMRAM 000013
___ftpack@exp                                   cstackCOMRAM 000016
___ftpack@sign                                  cstackCOMRAM 000017
___fttol                                        text21       000C5C
___fttol@exp1                                   cstackCOMRAM 000021
___fttol@f1                                     cstackCOMRAM 000013
___fttol@lval                                   cstackCOMRAM 00001D
___fttol@sign1                                  cstackCOMRAM 00001C
___inthi_sp                                     stack        000000
___intlo_sp                                     stack        000000
___param_bank                                   (abs)        000000
___rparam_used                                  (abs)        000001
___sp                                           stack        000000
___wmul                                         text11       001428
___wmul@multiplicand                            cstackCOMRAM 00001D
___wmul@multiplier                              cstackCOMRAM 00001B
___wmul@product                                 cstackCOMRAM 00001F
__accesstop                                     (abs)        000060
__activetblptr                                  (abs)        000002
__end_of_ADC_GetConversion                      text13       0012FC
__end_of_ADC_Initialize                         text41       001526
__end_of_EUSART1_DefaultErrorHandler            text57       001614
__end_of_EUSART1_DefaultFramingErrorHandler     text56       001628
__end_of_EUSART1_DefaultOverrunErrorHandler     text55       00160E
__end_of_EUSART1_Initialize                     text35       00119E
__end_of_EUSART1_Receive_ISR                    text54       000F90
__end_of_EUSART1_RxDataHandler                  text58       001496
__end_of_EUSART1_SetErrorHandler                text40       0015F2
__end_of_EUSART1_SetFramingErrorHandler         text39       0015E8
__end_of_EUSART1_SetOverrunErrorHandler         text38       0015DE
__end_of_EUSART1_SetRxInterruptHandler          text37       0015D4
__end_of_EUSART1_SetTxInterruptHandler          text36       0015CA
__end_of_EUSART1_Transmit_ISR                   text53       0013FE
__end_of_EXT_INT_Initialize                     text31       00136C
__end_of_INT0_CallBack                          text51       0014F6
__end_of_INT0_DefaultInterruptHandler           text52       001626
__end_of_INT0_ISR                               text50       001602
__end_of_INT0_SetInterruptHandler               text34       0015C0
__end_of_INT1_CallBack                          text48       0014D6
__end_of_INT1_DefaultInterruptHandler           text49       001624
__end_of_INT1_ISR                               text47       001594
__end_of_INT1_SetInterruptHandler               text33       0015B6
__end_of_INT2_CallBack                          text45       0014B6
__end_of_INT2_DefaultInterruptHandler           text46       001622
__end_of_INT2_ISR                               text44       0015FA
__end_of_INT2_SetInterruptHandler               text32       0015AC
__end_of_INTERRUPT_Initialize                   text30       00161C
__end_of_INTERRUPT_InterruptManager             intcode      000106
__end_of_OSCILLATOR_Initialize                  text29       001582
__end_of_PIN_MANAGER_IOC                        text43       001620
__end_of_PIN_MANAGER_Initialize                 text28       0012C4
__end_of_PWM4_Initialize                        text27       001570
__end_of_PWM4_LoadDutyValue                     text3        00139E
__end_of_PWM5_Initialize                        text26       00153A
__end_of_PWM5_LoadDutyValue                     text5        0013D0
__end_of_SYSTEM_Initialize                      text23       001428
__end_of_TMR2_Initialize                        text25       0015A2
__end_of_TMR4_HasOverflowOccured                text22       00154C
__end_of_TMR4_Initialize                        text24       00155E
__end_of___awdiv                                text12       00112A
__end_of___awtoft                               text19       001334
__end_of___ftadd                                text18       000B68
__end_of___ftdiv                                text17       000E38
__end_of___ftge                                 text16       001020
__end_of___ftmul                                text15       000C5C
__end_of___ftneg                                text14       001472
__end_of___ftpack                               text20       000EE6
__end_of___fttol                                text21       000D50
__end_of___wmul                                 text11       00144E
__end_of__initialization                        cinit        001274
__end_of_calculo_PID                            text9        000406
__end_of_calibracion                            text8        000616
__end_of_encender_motores                       text7        001618
__end_of_lectura_precalibracion                 text6        0010A6
__end_of_leer_sensores                          text10       0007EA
__end_of_main                                   text0        0009BC
__end_of_mover_motor_A                          text4        00123A
__end_of_mover_motor_B                          text2        0011EC
__end_of_moverse                                text1        001510
__initialization                                cinit        00123A
__mediumconst                                   mediumconst  000000
__pbitbssCOMRAM                                 bitbssCOMRAM 000260
__pbssBANK0                                     bssBANK0     000060
__pbssCOMRAM                                    bssCOMRAM    000038
__pcinit                                        cinit        00123A
__pcstackBANK0                                  cstackBANK0  0000BE
__pcstackBANK1                                  cstackBANK1  000100
__pcstackCOMRAM                                 cstackCOMRAM 000001
__pdataBANK0                                    dataBANK0    0000F3
__pidataBANK0                                   idataBANK0   001602
__pintcode                                      intcode      000008
__ptext0                                        text0        0007EA
__ptext1                                        text1        0014F6
__ptext10                                       text10       000616
__ptext11                                       text11       001428
__ptext12                                       text12       0010A6
__ptext13                                       text13       0012C4
__ptext14                                       text14       00144E
__ptext15                                       text15       000B68
__ptext16                                       text16       000F90
__ptext17                                       text17       000D50
__ptext18                                       text18       0009BC
__ptext19                                       text19       0012FC
__ptext2                                        text2        00119E
__ptext20                                       text20       000E38
__ptext21                                       text21       000C5C
__ptext22                                       text22       00153A
__ptext23                                       text23       0013FE
__ptext24                                       text24       00154C
__ptext25                                       text25       001594
__ptext26                                       text26       001526
__ptext27                                       text27       00155E
__ptext28                                       text28       001282
__ptext29                                       text29       001570
__ptext3                                        text3        00136C
__ptext30                                       text30       001618
__ptext31                                       text31       001334
__ptext32                                       text32       0015A2
__ptext33                                       text33       0015AC
__ptext34                                       text34       0015B6
__ptext35                                       text35       00112A
__ptext36                                       text36       0015C0
__ptext37                                       text37       0015CA
__ptext38                                       text38       0015D4
__ptext39                                       text39       0015DE
__ptext4                                        text4        0011EC
__ptext40                                       text40       0015E8
__ptext41                                       text41       001510
__ptext43                                       text43       00161C
__ptext44                                       text44       0015F2
__ptext45                                       text45       001496
__ptext46                                       text46       001620
__ptext47                                       text47       001582
__ptext48                                       text48       0014B6
__ptext49                                       text49       001622
__ptext5                                        text5        00139E
__ptext50                                       text50       0015FA
__ptext51                                       text51       0014D6
__ptext52                                       text52       001624
__ptext53                                       text53       0013D0
__ptext54                                       text54       000EE6
__ptext55                                       text55       001608
__ptext56                                       text56       001626
__ptext57                                       text57       00160E
__ptext58                                       text58       001472
__ptext59                                       text59       000000
__ptext6                                        text6        001020
__ptext7                                        text7        001614
__ptext8                                        text8        000406
__ptext9                                        text9        00010A
__ramtop                                        ramtop       000600
__size_of_ADC_GetConversion                     (abs)        000000
__size_of_ADC_Initialize                        (abs)        000000
__size_of_EUSART1_DefaultErrorHandler           (abs)        000000
__size_of_EUSART1_DefaultFramingErrorHandler    (abs)        000000
__size_of_EUSART1_DefaultOverrunErrorHandler    (abs)        000000
__size_of_EUSART1_Initialize                    (abs)        000000
__size_of_EUSART1_Receive_ISR                   (abs)        000000
__size_of_EUSART1_RxDataHandler                 (abs)        000000
__size_of_EUSART1_SetErrorHandler               (abs)        000000
__size_of_EUSART1_SetFramingErrorHandler        (abs)        000000
__size_of_EUSART1_SetOverrunErrorHandler        (abs)        000000
__size_of_EUSART1_SetRxInterruptHandler         (abs)        000000
__size_of_EUSART1_SetTxInterruptHandler         (abs)        000000
__size_of_EUSART1_Transmit_ISR                  (abs)        000000
__size_of_EXT_INT_Initialize                    (abs)        000000
__size_of_INT0_CallBack                         (abs)        000000
__size_of_INT0_DefaultInterruptHandler          (abs)        000000
__size_of_INT0_ISR                              (abs)        000000
__size_of_INT0_SetInterruptHandler              (abs)        000000
__size_of_INT1_CallBack                         (abs)        000000
__size_of_INT1_DefaultInterruptHandler          (abs)        000000
__size_of_INT1_ISR                              (abs)        000000
__size_of_INT1_SetInterruptHandler              (abs)        000000
__size_of_INT2_CallBack                         (abs)        000000
__size_of_INT2_DefaultInterruptHandler          (abs)        000000
__size_of_INT2_ISR                              (abs)        000000
__size_of_INT2_SetInterruptHandler              (abs)        000000
__size_of_INTERRUPT_Initialize                  (abs)        000000
__size_of_INTERRUPT_InterruptManager            (abs)        000000
__size_of_OSCILLATOR_Initialize                 (abs)        000000
__size_of_PIN_MANAGER_IOC                       (abs)        000000
__size_of_PIN_MANAGER_Initialize                (abs)        000000
__size_of_PWM4_Initialize                       (abs)        000000
__size_of_PWM4_LoadDutyValue                    (abs)        000000
__size_of_PWM5_Initialize                       (abs)        000000
__size_of_PWM5_LoadDutyValue                    (abs)        000000
__size_of_SYSTEM_Initialize                     (abs)        000000
__size_of_TMR2_Initialize                       (abs)        000000
__size_of_TMR4_HasOverflowOccured               (abs)        000000
__size_of_TMR4_Initialize                       (abs)        000000
__size_of___awdiv                               (abs)        000000
__size_of___awtoft                              (abs)        000000
__size_of___ftadd                               (abs)        000000
__size_of___ftdiv                               (abs)        000000
__size_of___ftge                                (abs)        000000
__size_of___ftmul                               (abs)        000000
__size_of___ftneg                               (abs)        000000
__size_of___ftpack                              (abs)        000000
__size_of___fttol                               (abs)        000000
__size_of___wmul                                (abs)        000000
__size_of_calculo_PID                           (abs)        000000
__size_of_calibracion                           (abs)        000000
__size_of_encender_motores                      (abs)        000000
__size_of_lectura_precalibracion                (abs)        000000
__size_of_leer_sensores                         (abs)        000000
__size_of_main                                  (abs)        000000
__size_of_mover_motor_A                         (abs)        000000
__size_of_mover_motor_B                         (abs)        000000
__size_of_moverse                               (abs)        000000
__smallconst                                    smallconst   000000
_calculo_PID                                    text9        00010A
_calculo_PID$2036                               cstackBANK0  0000EB
_calibracion                                    text8        000406
_encender_motores                               text7        001614
_eusart1RxBuffer                                bssBANK0     000098
_eusart1RxCount                                 bssCOMRAM    000046
_eusart1RxHead                                  bssCOMRAM    000048
_eusart1RxLastError                             bssCOMRAM    000045
_eusart1RxStatusBuffer                          bssBANK0     000090
_eusart1RxTail                                  bssCOMRAM    000047
_eusart1TxBuffer                                bssBANK0     0000A0
_eusart1TxBufferRemaining                       bssCOMRAM    000049
_eusart1TxHead                                  bssCOMRAM    00004B
_eusart1TxTail                                  bssCOMRAM    00004A
_flag_recta                                     bitbssCOMRAM 000260
_lectura_precalibracion                         text6        001020
_leer_sensores                                  text10       000616
_main                                           text0        0007EA
_media_blanco                                   bssBANK0     000060
_mover_motor_A                                  text4        0011EC
_mover_motor_B                                  text2        00119E
_moverse                                        text1        0014F6
_sensor                                         bssBANK0     0000AE
_sensor_max                                     bssBANK0     000080
_sensor_min                                     bssBANK0     000070
btemp                                           temp         00004D
calculo_PID@correccion                          cstackBANK0  0000E2
calculo_PID@error                               cstackBANK0  0000EE
calculo_PID@last_error                          bssCOMRAM    000038
calculo_PID@numero_sensor                       cstackBANK0  0000F2
calculo_PID@valor_diferencial                   cstackBANK0  0000E8
calculo_PID@valor_digital                       cstackBANK0  0000F1
calculo_PID@valor_proporcional                  cstackBANK0  0000E5
calculo_PID@valores_digitales                   cstackBANK0  0000DA
calibracion@lectura_sin_calibrar                cstackCOMRAM 000024
calibracion@numero_sensor                       cstackCOMRAM 000034
calibracion@repeticiones_calibrado              cstackCOMRAM 000020
end_of_initialization                           cinit        001274
int$flags                                       temp         00004D
intlevel0                                       text         000000
intlevel1                                       text         000000
intlevel2                                       text         000000
intlevel3                                       text         000000
leer_sensores@lectura_sin_calibrar              cstackBANK0  0000BE
leer_sensores@numero_sensor                     cstackBANK0  0000CE
main@anterior                                   cstackBANK1  000100
main@correccion                                 cstackBANK1  000101
main@correccion_entera                          cstackBANK1  00010C
main@extra_abajo_A                              cstackBANK1  00010A
main@extra_abajo_B                              cstackBANK1  000108
main@extra_arriba_A                             cstackBANK1  000104
main@extra_arriba_B                             cstackBANK1  000106
main@inicio                                     cstackBANK1  00010E
main@velocidad_avance                           cstackBANK1  00010F
main@velocidad_motor_A                          cstackBANK1  000111
main@velocidad_motor_B                          cstackBANK1  000113
mover_motor_A@velocidad                         cstackCOMRAM 000017
mover_motor_B@velocidad                         cstackCOMRAM 000017
moverse@velocidad_A                             cstackCOMRAM 000019
moverse@velocidad_B                             cstackCOMRAM 00001B
stackhi                                         (abs)        0005FF
stacklo                                         (abs)        000115
start                                           init         000106
start_initialization                            cinit        00123A
wtemp6                                          temp         00004E


FUNCTION INFORMATION:

 *************** function _main *****************
 Defined at:
		line 84 in file "main.c"
 Parameters:    Size  Location     Type
		None
 Auto vars:     Size  Location     Type
  correccion      3    1[BANK1 ] float 
  velocidad_mo    2   19[BANK1 ] int 
  velocidad_mo    2   17[BANK1 ] int 
  velocidad_av    2   15[BANK1 ] int 
  correccion_e    2   12[BANK1 ] int 
  extra_abajo_    2   10[BANK1 ] int 
  extra_abajo_    2    8[BANK1 ] int 
  extra_arriba    2    6[BANK1 ] int 
  extra_arriba    2    4[BANK1 ] int 
  inicio          1   14[BANK1 ] unsigned char 
  anterior        1    0[BANK1 ] unsigned char 
 Return value:  Size  Location     Type
                  1    wreg      void 
 Registers used:
		wreg, fsr1l, fsr1h, fsr2l, fsr2h, status,2, status,0, prodl, prodh, cstack
 Tracked objects:
		On entry : 
		On exit  : 
		Unchanged: 
 Data sizes:     COMRAM   BANK0   BANK1   BANK2   BANK3   BANK4   BANK5
      Params:         0       0       0       0       0       0       0
      Locals:         0       0      21       0       0       0       0
      Temps:          2       0       0       0       0       0       0
      Totals:         2       0      21       0       0       0       0
Total ram usage:       23 bytes
 Hardware stack levels required when called:    7
 This function calls:
		_SYSTEM_Initialize
		_TMR4_HasOverflowOccured
		___fttol
		_calculo_PID
		_calibracion
		_encender_motores
		_lectura_precalibracion
		_moverse
 This function is called by:
		Startup code after reset
 This function uses a non-reentrant model


 *************** function _moverse *****************
 Defined at:
		line 253 in file "main.c"
 Parameters:    Size  Location     Type
  velocidad_A     2   24[COMRAM] int 
  velocidad_B     2   26[COMRAM] int 
 Auto vars:     Size  Location     Type
		None
 Return value:  Size  Location     Type
                  1    wreg      void 
 Registers used:
		wreg, status,2, status,0, cstack
 Tracked objects:
		On entry : 
		On exit  : 
		Unchanged: 
 Data sizes:     COMRAM   BANK0   BANK1   BANK2   BANK3   BANK4   BANK5
      Params:         4       0       0       0       0       0       0
      Locals:         0       0       0       0       0       0       0
      Temps:          0       0       0       0       0       0       0
      Totals:         4       0       0       0       0       0       0
Total ram usage:        4 bytes
 Hardware stack levels used:    1
 Hardware stack levels required when called:    6
 This function calls:
		_mover_motor_A
		_mover_motor_B
 This function is called by:
		_main
 This function uses a non-reentrant model


 *************** function _mover_motor_B *****************
 Defined at:
		line 221 in file "main.c"
 Parameters:    Size  Location     Type
  velocidad       2   22[COMRAM] int 
 Auto vars:     Size  Location     Type
		None
 Return value:  Size  Location     Type
                  1    wreg      void 
 Registers used:
		wreg, status,2, status,0, cstack
 Tracked objects:
		On entry : 
		On exit  : 
		Unchanged: 
 Data sizes:     COMRAM   BANK0   BANK1   BANK2   BANK3   BANK4   BANK5
      Params:         2       0       0       0       0       0       0
      Locals:         0       0       0       0       0       0       0
      Temps:          0       0       0       0       0       0       0
      Totals:         2       0       0       0       0       0       0
Total ram usage:        2 bytes
 Hardware stack levels used:    1
 Hardware stack levels required when called:    5
 This function calls:
		_PWM4_LoadDutyValue
 This function is called by:
		_moverse
 This function uses a non-reentrant model


 *************** function _PWM4_LoadDutyValue *****************
 Defined at:
		line 82 in file "mcc_generated_files/pwm4.c"
 Parameters:    Size  Location     Type
  dutyValue       2   18[COMRAM] unsigned int 
 Auto vars:     Size  Location     Type
		None
 Return value:  Size  Location     Type
                  1    wreg      void 
 Registers used:
		wreg, status,2, status,0
 Tracked objects:
		On entry : 
		On exit  : 
		Unchanged: 
 Data sizes:     COMRAM   BANK0   BANK1   BANK2   BANK3   BANK4   BANK5
      Params:         2       0       0       0       0       0       0
      Locals:         0       0       0       0       0       0       0
      Temps:          2       0       0       0       0       0       0
      Totals:         4       0       0       0       0       0       0
Total ram usage:        4 bytes
 Hardware stack levels used:    1
 Hardware stack levels required when called:    4
 This function calls:
		Nothing
 This function is called by:
		_mover_motor_B
		_parada
 This function uses a non-reentrant model


 *************** function _mover_motor_A *****************
 Defined at:
		line 200 in file "main.c"
 Parameters:    Size  Location     Type
  velocidad       2   22[COMRAM] int 
 Auto vars:     Size  Location     Type
		None
 Return value:  Size  Location     Type
                  1    wreg      void 
 Registers used:
		wreg, status,2, status,0, cstack
 Tracked objects:
		On entry : 
		On exit  : 
		Unchanged: 
 Data sizes:     COMRAM   BANK0   BANK1   BANK2   BANK3   BANK4   BANK5
      Params:         2       0       0       0       0       0       0
      Locals:         0       0       0       0       0       0       0
      Temps:          0       0       0       0       0       0       0
      Totals:         2       0       0       0       0       0       0
Total ram usage:        2 bytes
 Hardware stack levels used:    1
 Hardware stack levels required when called:    5
 This function calls:
		_PWM5_LoadDutyValue
 This function is called by:
		_moverse
 This function uses a non-reentrant model


 *************** function _PWM5_LoadDutyValue *****************
 Defined at:
		line 82 in file "mcc_generated_files/pwm5.c"
 Parameters:    Size  Location     Type
  dutyValue       2   18[COMRAM] unsigned int 
 Auto vars:     Size  Location     Type
		None
 Return value:  Size  Location     Type
                  1    wreg      void 
 Registers used:
		wreg, status,2, status,0
 Tracked objects:
		On entry : 
		On exit  : 
		Unchanged: 
 Data sizes:     COMRAM   BANK0   BANK1   BANK2   BANK3   BANK4   BANK5
      Params:         2       0       0       0       0       0       0
      Locals:         0       0       0       0       0       0       0
      Temps:          2       0       0       0       0       0       0
      Totals:         4       0       0       0       0       0       0
Total ram usage:        4 bytes
 Hardware stack levels used:    1
 Hardware stack levels required when called:    4
 This function calls:
		Nothing
 This function is called by:
		_mover_motor_A
		_parada
 This function uses a non-reentrant model


 *************** function _lectura_precalibracion *****************
 Defined at:
		line 397 in file "main.c"
 Parameters:    Size  Location     Type
		None
 Auto vars:     Size  Location     Type
		None
 Return value:  Size  Location     Type
                  1    wreg      void 
 Registers used:
		wreg, status,2, status,0, cstack
 Tracked objects:
		On entry : 
		On exit  : 
		Unchanged: 
 Data sizes:     COMRAM   BANK0   BANK1   BANK2   BANK3   BANK4   BANK5
      Params:         0       0       0       0       0       0       0
      Locals:         0       0       0       0       0       0       0
      Temps:          0       0       0       0       0       0       0
      Totals:         0       0       0       0       0       0       0
Total ram usage:        0 bytes
 Hardware stack levels used:    1
 Hardware stack levels required when called:    5
 This function calls:
		_ADC_GetConversion
 This function is called by:
		_main
 This function uses a non-reentrant model


 *************** function _encender_motores *****************
 Defined at:
		line 192 in file "main.c"
 Parameters:    Size  Location     Type
		None
 Auto vars:     Size  Location     Type
		None
 Return value:  Size  Location     Type
                  1    wreg      void 
 Registers used:
		None
 Tracked objects:
		On entry : 
		On exit  : 
		Unchanged: 
 Data sizes:     COMRAM   BANK0   BANK1   BANK2   BANK3   BANK4   BANK5
      Params:         0       0       0       0       0       0       0
      Locals:         0       0       0       0       0       0       0
      Temps:          0       0       0       0       0       0       0
      Totals:         0       0       0       0       0       0       0
Total ram usage:        0 bytes
 Hardware stack levels used:    1
 Hardware stack levels required when called:    4
 This function calls:
		Nothing
 This function is called by:
		_main
 This function uses a non-reentrant model


 *************** function _calibracion *****************
 Defined at:
		line 357 in file "main.c"
 Parameters:    Size  Location     Type
		None
 Auto vars:     Size  Location     Type
  lectura_sin_   16   35[COMRAM] int [8]
  repeticiones    4   31[COMRAM] unsigned long 
  numero_senso    1   51[COMRAM] unsigned char 
 Return value:  Size  Location     Type
                  1    wreg      void 
 Registers used:
		wreg, fsr1l, fsr1h, fsr2l, fsr2h, status,2, status,0, prodl, prodh, cstack
 Tracked objects:
		On entry : 
		On exit  : 
		Unchanged: 
 Data sizes:     COMRAM   BANK0   BANK1   BANK2   BANK3   BANK4   BANK5
      Params:         0       0       0       0       0       0       0
      Locals:        21       0       0       0       0       0       0
      Temps:          5       0       0       0       0       0       0
      Totals:        26       0       0       0       0       0       0
Total ram usage:       26 bytes
 Hardware stack levels used:    1
 Hardware stack levels required when called:    5
 This function calls:
		_ADC_GetConversion
		___awdiv
 This function is called by:
		_main
 This function uses a non-reentrant model


 *************** function _calculo_PID *****************
 Defined at:
		line 258 in file "main.c"
 Parameters:    Size  Location     Type
		None
 Auto vars:     Size  Location     Type
  valores_digi    8   28[BANK0 ] unsigned char [8]
  error           3   48[BANK0 ] float 
  valor_difere    3   42[BANK0 ] float 
  valor_propor    3   39[BANK0 ] float 
  correccion      3   36[BANK0 ] float 
  numero_senso    1   52[BANK0 ] unsigned char 
  valor_digita    1   51[BANK0 ] unsigned char 
 Return value:  Size  Location     Type
                  3   17[BANK0 ] float 
 Registers used:
		wreg, fsr1l, fsr1h, fsr2l, fsr2h, status,2, status,0, prodl, prodh, cstack
 Tracked objects:
		On entry : 
		On exit  : 
		Unchanged: 
 Data sizes:     COMRAM   BANK0   BANK1   BANK2   BANK3   BANK4   BANK5
      Params:         0       3       0       0       0       0       0
      Locals:         0      25       0       0       0       0       0
      Temps:          0       8       0       0       0       0       0
      Totals:         0      36       0       0       0       0       0
Total ram usage:       36 bytes
 Hardware stack levels used:    1
 Hardware stack levels required when called:    6
 This function calls:
		___awtoft
		___ftadd
		___ftdiv
		___ftge
		___ftmul
		___ftneg
		___wmul
		_leer_sensores
 This function is called by:
		_main
 This function uses a non-reentrant model


 *************** function _leer_sensores *****************
 Defined at:
		line 314 in file "main.c"
 Parameters:    Size  Location     Type
[...]
      Totals:         0       0       0       0       0       0       0
Total ram usage:        0 bytes
 Hardware stack levels used:    1
 Hardware stack levels required when called:    1
 This function calls:
		Absolute function
		_INT2_DefaultInterruptHandler
 This function is called by:
		_INT2_ISR
 This function uses a non-reentrant model


 *************** function _INT2_DefaultInterruptHandler *****************
 Defined at:
		line 108 in file "mcc_generated_files/ext_int.c"
 Parameters:    Size  Location     Type
		None
 Auto vars:     Size  Location     Type
		None
 Return value:  Size  Location     Type
                  1    wreg      void 
 Registers used:
		None
 Tracked objects:
		On entry : 
		On exit  : 
		Unchanged: 
 Data sizes:     COMRAM   BANK0   BANK1   BANK2   BANK3   BANK4   BANK5
      Params:         0       0       0       0       0       0       0
      Locals:         0       0       0       0       0       0       0
      Temps:          0       0       0       0       0       0       0
      Totals:         0       0       0       0       0       0       0
Total ram usage:        0 bytes
 Hardware stack levels used:    1
 This function calls:
		Nothing
 This function is called by:
		_EXT_INT_Initialize
		_INT2_CallBack
 This function uses a non-reentrant model


 *************** function _INT1_ISR *****************
 Defined at:
		line 60 in file "mcc_generated_files/ext_int.c"
 Parameters:    Size  Location     Type
		None
 Auto vars:     Size  Location     Type
		None
 Return value:  Size  Location     Type
                  1    wreg      void 
 Registers used:
		wreg, status,2, status,0, pclath, tosl, cstack
 Tracked objects:
		On entry : 
		On exit  : 
		Unchanged: 
 Data sizes:     COMRAM   BANK0   BANK1   BANK2   BANK3   BANK4   BANK5
      Params:         0       0       0       0       0       0       0
      Locals:         0       0       0       0       0       0       0
      Temps:          0       0       0       0       0       0       0
      Totals:         0       0       0       0       0       0       0
Total ram usage:        0 bytes
 Hardware stack levels used:    1
 Hardware stack levels required when called:    2
 This function calls:
		_INT1_CallBack
 This function is called by:
		_INTERRUPT_InterruptManager
 This function uses a non-reentrant model


 *************** function _INT1_CallBack *****************
 Defined at:
		line 69 in file "mcc_generated_files/ext_int.c"
 Parameters:    Size  Location     Type
		None
 Auto vars:     Size  Location     Type
		None
 Return value:  Size  Location     Type
                  1    wreg      void 
 Registers used:
		wreg, status,2, status,0, pclath, tosl, cstack
 Tracked objects:
		On entry : 
		On exit  : 
		Unchanged: 
 Data sizes:     COMRAM   BANK0   BANK1   BANK2   BANK3   BANK4   BANK5
      Params:         0       0       0       0       0       0       0
      Locals:         0       0       0       0       0       0       0
      Temps:          0       0       0       0       0       0       0
      Totals:         0       0       0       0       0       0       0
Total ram usage:        0 bytes
 Hardware stack levels used:    1
 Hardware stack levels required when called:    1
 This function calls:
		Absolute function
		_INT1_DefaultInterruptHandler
 This function is called by:
		_INT1_ISR
 This function uses a non-reentrant model


 *************** function _INT1_DefaultInterruptHandler *****************
 Defined at:
		line 82 in file "mcc_generated_files/ext_int.c"
 Parameters:    Size  Location     Type
		None
 Auto vars:     Size  Location     Type
		None
 Return value:  Size  Location     Type
                  1    wreg      void 
 Registers used:
		None
 Tracked objects:
		On entry : 
		On exit  : 
		Unchanged: 
 Data sizes:     COMRAM   BANK0   BANK1   BANK2   BANK3   BANK4   BANK5
      Params:         0       0       0       0       0       0       0
      Locals:         0       0       0       0       0       0       0
      Temps:          0       0       0       0       0       0       0
      Totals:         0       0       0       0       0       0       0
Total ram usage:        0 bytes
 Hardware stack levels used:    1
 This function calls:
		Nothing
 This function is called by:
		_EXT_INT_Initialize
		_INT1_CallBack
 This function uses a non-reentrant model


 *************** function _INT0_ISR *****************
 Defined at:
		line 34 in file "mcc_generated_files/ext_int.c"
 Parameters:    Size  Location     Type
		None
 Auto vars:     Size  Location     Type
		None
 Return value:  Size  Location     Type
                  1    wreg      void 
 Registers used:
		wreg, status,2, status,0, pclath, tosl, cstack
 Tracked objects:
		On entry : 
		On exit  : 
		Unchanged: 
 Data sizes:     COMRAM   BANK0   BANK1   BANK2   BANK3   BANK4   BANK5
      Params:         0       0       0       0       0       0       0
      Locals:         0       0       0       0       0       0       0
      Temps:          0       0       0       0       0       0       0
      Totals:         0       0       0       0       0       0       0
Total ram usage:        0 bytes
 Hardware stack levels used:    1
 Hardware stack levels required when called:    2
 This function calls:
		_INT0_CallBack
 This function is called by:
		_INTERRUPT_InterruptManager
 This function uses a non-reentrant model


 *************** function _INT0_CallBack *****************
 Defined at:
		line 43 in file "mcc_generated_files/ext_int.c"
 Parameters:    Size  Location     Type
		None
 Auto vars:     Size  Location     Type
		None
 Return value:  Size  Location     Type
                  1    wreg      void 
 Registers used:
		wreg, status,2, status,0, pclath, tosl, cstack
 Tracked objects:
		On entry : 
		On exit  : 
		Unchanged: 
 Data sizes:     COMRAM   BANK0   BANK1   BANK2   BANK3   BANK4   BANK5
      Params:         0       0       0       0       0       0       0
      Locals:         0       0       0       0       0       0       0
      Temps:          0       0       0       0       0       0       0
      Totals:         0       0       0       0       0       0       0
Total ram usage:        0 bytes
 Hardware stack levels used:    1
 Hardware stack levels required when called:    1
 This function calls:
		Absolute function
		_INT0_DefaultInterruptHandler
 This function is called by:
		_INT0_ISR
 This function uses a non-reentrant model


 *************** function _INT0_DefaultInterruptHandler *****************
 Defined at:
		line 56 in file "mcc_generated_files/ext_int.c"
 Parameters:    Size  Location     Type
		None
 Auto vars:     Size  Location     Type
		None
 Return value:  Size  Location     Type
                  1    wreg      void 
 Registers used:
		None
 Tracked objects:
		On entry : 
		On exit  : 
		Unchanged: 
 Data sizes:     COMRAM   BANK0   BANK1   BANK2   BANK3   BANK4   BANK5
      Params:         0       0       0       0       0       0       0
      Locals:         0       0       0       0       0       0       0
      Temps:          0       0       0       0       0       0       0
      Totals:         0       0       0       0       0       0       0
Total ram usage:        0 bytes
 Hardware stack levels used:    1
 This function calls:
		Nothing
 This function is called by:
		_EXT_INT_Initialize
		_INT0_CallBack
 This function uses a non-reentrant model


 *************** function _EUSART1_Transmit_ISR *****************
 Defined at:
		line 203 in file "mcc_generated_files/eusart1.c"
 Parameters:    Size  Location     Type
		None
 Auto vars:     Size  Location     Type
		None
 Return value:  Size  Location     Type
                  1    wreg      void 
 Registers used:
		wreg, fsr2l, fsr2h, status,2, status,0, prodl, prodh
 Tracked objects:
		On entry : 
		On exit  : 
		Unchanged: 
 Data sizes:     COMRAM   BANK0   BANK1   BANK2   BANK3   BANK4   BANK5
      Params:         0       0       0       0       0       0       0
      Locals:         0       0       0       0       0       0       0
      Temps:          0       0       0       0       0       0       0
      Totals:         0       0       0       0       0       0       0
Total ram usage:        0 bytes
 Hardware stack levels used:    1
 This function calls:
		Nothing
 This function is called by:
		_EUSART1_Initialize
		_INTERRUPT_InterruptManager
 This function uses a non-reentrant model


 *************** function _EUSART1_Receive_ISR *****************
 Defined at:
		line 222 in file "mcc_generated_files/eusart1.c"
 Parameters:    Size  Location     Type
		None
 Auto vars:     Size  Location     Type
		None
 Return value:  Size  Location     Type
                  1    wreg      void 
 Registers used:
		wreg, fsr2l, fsr2h, status,2, status,0, pclath, tosl, prodl, prodh, cstack
 Tracked objects:
		On entry : 
		On exit  : 
		Unchanged: 
 Data sizes:     COMRAM   BANK0   BANK1   BANK2   BANK3   BANK4   BANK5
      Params:         0       0       0       0       0       0       0
      Locals:         0       0       0       0       0       0       0
      Temps:          0       0       0       0       0       0       0
      Totals:         0       0       0       0       0       0       0
Total ram usage:        0 bytes
 Hardware stack levels used:    1
 Hardware stack levels required when called:    2
 This function calls:
		Absolute function
		_EUSART1_DefaultErrorHandler
		_EUSART1_DefaultFramingErrorHandler
		_EUSART1_DefaultOverrunErrorHandler
		_EUSART1_RxDataHandler
 This function is called by:
		_EUSART1_Initialize
		_INTERRUPT_InterruptManager
 This function uses a non-reentrant model


 *************** function _EUSART1_DefaultOverrunErrorHandler *****************
 Defined at:
		line 258 in file "mcc_generated_files/eusart1.c"
 Parameters:    Size  Location     Type
		None
 Auto vars:     Size  Location     Type
		None
 Return value:  Size  Location     Type
                  1    wreg      void 
 Registers used:
		None
 Tracked objects:
		On entry : 
		On exit  : 
		Unchanged: 
 Data sizes:     COMRAM   BANK0   BANK1   BANK2   BANK3   BANK4   BANK5
      Params:         0       0       0       0       0       0       0
      Locals:         0       0       0       0       0       0       0
      Temps:          0       0       0       0       0       0       0
      Totals:         0       0       0       0       0       0       0
Total ram usage:        0 bytes
 Hardware stack levels used:    1
 This function calls:
		Nothing
 This function is called by:
		_EUSART1_Initialize
		_EUSART1_Receive_ISR
 This function uses a non-reentrant model


 *************** function _EUSART1_DefaultFramingErrorHandler *****************
 Defined at:
		line 256 in file "mcc_generated_files/eusart1.c"
 Parameters:    Size  Location     Type
		None
 Auto vars:     Size  Location     Type
		None
 Return value:  Size  Location     Type
                  1    wreg      void 
 Registers used:
		None
 Tracked objects:
		On entry : 
		On exit  : 
		Unchanged: 
 Data sizes:     COMRAM   BANK0   BANK1   BANK2   BANK3   BANK4   BANK5
      Params:         0       0       0       0       0       0       0
      Locals:         0       0       0       0       0       0       0
      Temps:          0       0       0       0       0       0       0
      Totals:         0       0       0       0       0       0       0
Total ram usage:        0 bytes
 Hardware stack levels used:    1
 This function calls:
		Nothing
 This function is called by:
		_EUSART1_Initialize
		_EUSART1_Receive_ISR
 This function uses a non-reentrant model


 *************** function _EUSART1_DefaultErrorHandler *****************
 Defined at:
		line 266 in file "mcc_generated_files/eusart1.c"
 Parameters:    Size  Location     Type
		None
 Auto vars:     Size  Location     Type
		None
 Return value:  Size  Location     Type
                  1    wreg      void 
 Registers used:
		wreg, fsr2l, fsr2h, status,2, status,0, prodl, prodh, cstack
 Tracked objects:
		On entry : 
		On exit  : 
		Unchanged: 
 Data sizes:     COMRAM   BANK0   BANK1   BANK2   BANK3   BANK4   BANK5
      Params:         0       0       0       0       0       0       0
      Locals:         0       0       0       0       0       0       0
      Temps:          0       0       0       0       0       0       0
      Totals:         0       0       0       0       0       0       0
Total ram usage:        0 bytes
 Hardware stack levels used:    1
 Hardware stack levels required when called:    1
 This function calls:
		_EUSART1_RxDataHandler
 This function is called by:
		_EUSART1_Initialize
		_EUSART1_Receive_ISR
 This function uses a non-reentrant model


 *************** function _EUSART1_RxDataHandler *****************
 Defined at:
		line 246 in file "mcc_generated_files/eusart1.c"
 Parameters:    Size  Location     Type
		None
 Auto vars:     Size  Location     Type
		None
 Return value:  Size  Location     Type
                  1    wreg      void 
 Registers used:
		wreg, fsr2l, fsr2h, status,2, status,0, prodl, prodh
 Tracked objects:
		On entry : 
		On exit  : 
		Unchanged: 
 Data sizes:     COMRAM   BANK0   BANK1   BANK2   BANK3   BANK4   BANK5
      Params:         0       0       0       0       0       0       0
      Locals:         0       0       0       0       0       0       0
      Temps:          0       0       0       0       0       0       0
      Totals:         0       0       0       0       0       0       0
Total ram usage:        0 bytes
 Hardware stack levels used:    1
 This function calls:
		Nothing
 This function is called by:
		_EUSART1_Receive_ISR
		_EUSART1_DefaultErrorHandler
 This function uses a non-reentrant model



MODULE INFORMATION

Module		Function		Class		Link	Load	Size
C:\Program Files (x86)\Microchip\xc8\v1.44\sources\common\awtoft.c
		___awtoft      		CODE           	12FC	0000	57

C:\Program Files (x86)\Microchip\xc8\v1.44\sources\common\awtoft.c estimated size: 57

mcc_generated_files/tmr4.c
		_TMR4_HasOverflowOccured		CODE           	153A	0000	19
		_TMR4_Initialize		CODE           	154C	0000	19

mcc_generated_files/tmr4.c estimated size: 38

mcc_generated_files/pwm4.c
		_PWM4_Initialize		CODE           	155E	0000	19
		_PWM4_LoadDutyValue		CODE           	136C	0000	51

mcc_generated_files/pwm4.c estimated size: 70

mcc_generated_files/tmr2.c
		_TMR2_Initialize		CODE           	1594	0000	15

mcc_generated_files/tmr2.c estimated size: 15

mcc_generated_files/interrupt_manager.c
		_INTERRUPT_Initialize		CODE           	1618	0000	5
		_INTERRUPT_InterruptManager		CODE           	0008	0000	255

mcc_generated_files/interrupt_manager.c estimated size: 260

C:\Program Files (x86)\Microchip\xc8\v1.44\sources\common\ftmul.c
		___ftmul       		CODE           	0B68	0000	245

C:\Program Files (x86)\Microchip\xc8\v1.44\sources\common\ftmul.c estimated size: 245

C:\Program Files (x86)\Microchip\xc8\v1.44\sources\common\ftdiv.c
		___ftdiv       		CODE           	0D50	0000	233

C:\Program Files (x86)\Microchip\xc8\v1.44\sources\common\ftdiv.c estimated size: 233

mcc_generated_files/pin_manager.c
		_PIN_MANAGER_Initialize		CODE           	1282	0000	67
		_PIN_MANAGER_IOC		CODE           	161C	0000	5

mcc_generated_files/pin_manager.c estimated size: 72

C:\Program Files (x86)\Microchip\xc8\v1.44\sources\common\ftge.c
		___ftge        		CODE           	0F90	0000	145

C:\Program Files (x86)\Microchip\xc8\v1.44\sources\common\ftge.c estimated size: 145

mcc_generated_files/adc.c
		_ADC_Initialize		CODE           	1510	0000	23
		_ADC_GetConversion		CODE           	12C4	0000	57

mcc_generated_files/adc.c estimated size: 80

C:\Program Files (x86)\Microchip\xc8\v1.44\sources\common\Umul16.c
		___wmul        		CODE           	1428	0000	39

C:\Program Files (x86)\Microchip\xc8\v1.44\sources\common\Umul16.c estimated size: 39

C:\Program Files (x86)\Microchip\xc8\v1.44\sources\common\fttol.c
		___fttol       		CODE           	0C5C	0000	245

C:\Program Files (x86)\Microchip\xc8\v1.44\sources\common\fttol.c estimated size: 245

mcc_generated_files/ext_int.c
		_INT0_SetInterruptHandler		CODE           	15B6	0000	11
		_INT1_SetInterruptHandler		CODE           	15AC	0000	11
		_EXT_INT_Initialize		CODE           	1334	0000	57
		_INT2_SetInterruptHandler		CODE           	15A2	0000	11
		_INT0_DefaultInterruptHandler		CODE           	1624	0000	3
		_INT0_CallBack 		CODE           	14D6	0000	33
		_INT1_DefaultInterruptHandler		CODE           	1622	0000	3
		_INT1_CallBack 		CODE           	14B6	0000	33
		_INT2_DefaultInterruptHandler		CODE           	1620	0000	3
		_INT2_CallBack 		CODE           	1496	0000	33
		_INT0_ISR      		CODE           	15FA	0000	9
		_INT1_ISR      		CODE           	1582	0000	19
		_INT2_ISR      		CODE           	15F2	0000	9

mcc_generated_files/ext_int.c estimated size: 235

shared
		__initialization		CODE           	123A	0000	59

shared estimated size: 59

C:\Program Files (x86)\Microchip\xc8\v1.44\sources\common\awdiv.c
		___awdiv       		CODE           	10A6	0000	133

C:\Program Files (x86)\Microchip\xc8\v1.44\sources\common\awdiv.c estimated size: 133

mcc_generated_files/eusart1.c
		_EUSART1_SetRxInterruptHandler		CODE           	15CA	0000	11
		_EUSART1_SetTxInterruptHandler		CODE           	15C0	0000	11
		_EUSART1_Initialize		CODE           	112A	0000	117
		_EUSART1_DefaultErrorHandler		CODE           	160E	0000	7
		_EUSART1_SetFramingErrorHandler		CODE           	15DE	0000	11
		_EUSART1_SetOverrunErrorHandler		CODE           	15D4	0000	11
		_EUSART1_SetErrorHandler		CODE           	15E8	0000	11
		_EUSART1_Receive_ISR		CODE           	0EE6	0000	171
		_EUSART1_RxDataHandler		CODE           	1472	0000	37
		_EUSART1_DefaultOverrunErrorHandler		CODE           	1608	0000	7
		_EUSART1_Transmit_ISR		CODE           	13D0	0000	47
		_EUSART1_DefaultFramingErrorHandler		CODE           	1626	0000	3

mcc_generated_files/eusart1.c estimated size: 444

mcc_generated_files/pwm5.c
		_PWM5_LoadDutyValue		CODE           	139E	0000	51
		_PWM5_Initialize		CODE           	1526	0000	21

mcc_generated_files/pwm5.c estimated size: 72

C:\Program Files (x86)\Microchip\xc8\v1.44\sources\common\ftadd.c
		___ftadd       		CODE           	09BC	0000	429

C:\Program Files (x86)\Microchip\xc8\v1.44\sources\common\ftadd.c estimated size: 429

mcc_generated_files/mcc.c
		_OSCILLATOR_Initialize		CODE           	1570	0000	19
		_SYSTEM_Initialize		CODE           	13FE	0000	43

mcc_generated_files/mcc.c estimated size: 62

C:\Program Files (x86)\Microchip\xc8\v1.44\sources\common\ftneg.c
		___ftneg       		CODE           	144E	0000	37

C:\Program Files (x86)\Microchip\xc8\v1.44\sources\common\ftneg.c estimated size: 37

main.c
		_moverse       		CODE           	14F6	0000	27
		_calculo_PID   		CODE           	010A	0000	765
		_leer_sensores 		CODE           	0616	0000	469
		_main          		CODE           	07EA	0000	467
		_lectura_precalibracion		CODE           	1020	0000	135
		_encender_motores		CODE           	1614	0000	5
		_calibracion   		CODE           	0406	0000	529
		_mover_motor_A 		CODE           	11EC	0000	79
		_mover_motor_B 		CODE           	119E	0000	79

main.c estimated size: 2555

C:\Program Files (x86)\Microchip\xc8\v1.44\sources\common\float.c
		___ftpack      		CODE           	0E38	0000	175

C:\Program Files (x86)\Microchip\xc8\v1.44\sources\common\float.c estimated size: 175

